.\gradlew.bat :  
En línea: 1 Carácter: 38
+ ... Projects\BTAlert; .\gradlew.bat build 2>&1 > build_output.txt; Select ...
+                       ~~~~~~~~~~~~~~~~~~~~~~~~~~~~~~~~~~~~~~~~~~~
    + CategoryInfo          : NotSpecified: ( :String) [], RemoteException
    + FullyQualifiedErrorId : NativeCommandError
 
ERROR: JAVA_HOME is not set and no 'java' command could be found in your PATH. 
 
Please set the JAVA_HOME variable in your environment to match the 
location of your Java installation. 
